AUD - https://t.me/Eng_Audiobooks
AUD - https://t.me/TgAudiobooks
AUD - https://t.me/aknigiclub
AUD - https://t.me/amazingbooks
AUD - https://t.me/audibPlus
AUD - https://t.me/audikniga
AUD - https://t.me/audiobook_library
AUD - https://t.me/audiobooks_biz
AUD - https://t.me/audiobooks_tg
AUD - https://t.me/audiobooksfantastic - Мир Аудио фантастики
AUD - https://t.me/audiobooteka
AUD - https://t.me/audioknigi_channel
AUD - https://t.me/audioknowledge
AUD - https://t.me/audistbrain
AUD - https://t.me/bkaudio
AUD - https://t.me/eng_audio_materials
AUD - https://t.me/fairytaledaily
AUD - https://t.me/free_audiobook
AUD - https://t.me/ibooksmp3
AUD - https://t.me/libraryaudio
AUD - https://t.me/webstorage_audiobooks
BIT
BIT - https://t.me/ITbook_ru 
BIT - https://t.me/bzd_channel - Бздынь-канал. Книги для прогеров
BIT - https://t.me/progbook - Prog Books
BIT - https://t.me/proglibrary
BIT - https://t.me/technobooks
BIT - https://t.me/techrocksarchive - TechRocks Архив книг по программированию
BUX
BUX - https://t.me/GavanKnig
BUX - https://t.me/GoBooks
BUX - https://t.me/Trendbooks 
BUX - https://t.me/VKnige 
BUX - https://t.me/YourMustRead — Более 1000 шедевров современной литературы - настоящая книжная полка в твоем телефоне!
BUX - https://t.me/b_biblioteka
BUX - https://t.me/biblioland
BUX - https://t.me/bolshaya_biblioteka
BUX - https://t.me/bookcase_library
BUX - https://t.me/eng_books
BUX - https://t.me/everything_is_illuminated
BUX - https://t.me/fifty_two_books — Делимся бесплатно книгами. Только качественная литература.
BUX - https://t.me/immortalbooks
BUX - https://t.me/knijky — Уютная Библиотека: лучшая литература.
BUX - https://t.me/premieras_books
BUX - https://t.me/vipbookz — Эксклюзивные и дорогие книги о бизнесе, рекламе, маркетинге и развитии.
BUX - https://tlgrm.ru/channels/books
ENG
ENG - https://t.me/AddEnglish - английский необычными и простыми способами.
ENG - https://t.me/Eng_Audiobooks
ENG - https://t.me/Essential_Vocabulary - Vocabulary with meanings and example sentences + Audio files with very clear American pronunciation.
ENG - https://t.me/Grammarian - Grammar rules | Spellings | ...
ENG - https://t.me/Learn_English11
ENG - https://t.me/SlangWords - English Slang Words 
ENG - https://t.me/begin_english_1 - Английский
ENG - https://t.me/eng_books
ENG - https://t.me/studyenglishathome - Английский
ENG - https://t.me/studyoverseas - Учеба в Европе
FAM
FAM - https://t.me/AllGifts - Идеи Подарков
FAM - https://t.me/lifehacktlgrm - Gif лайфхак
INF
INF - https://t.me/Imasuccess - Манипуляции
INF - https://t.me/LolLaws - Ты будешь удивлен!
INF - https://t.me/StatusQ — Пополни словарный запас и освой навыки черной риторики. Эти фразы заткнут любого противника!
INF - https://t.me/actual_facts - Факты
INF - https://t.me/ezoterika1 - Эзотерика
INF - https://t.me/funscience - Наука от Funscience.
INF - https://t.me/girlintech - Украинская разработчица, которая сейчас живет в Праге, ведет канал о программировании в целом.
INF - https://t.me/hour25 - Авторский канал о продуктивности и об особенностях мозга и всего организма в целом.
INF - https://t.me/it_guide - Компьютерная помощь
INF - https://t.me/lifehuk - Крутые лайфхаки
INF - https://t.me/mathru5 - Тренируй ум!
INF - https://t.me/spc_porn - Интересная наука
INF - https://t.me/wisemanmind - Великие слова!
INF - https://t.me/znayvsyo - Интересные факты
KYI
KYI - https://t.me/K_L_I_V_E - Новини, Події, Дискусії, Фотографії.
KYI - https://t.me/KaryHot - K_L_I_V_E - Add your own News!
KYI - https://t.me/KyivWeek - события, мероприятия, вечеринки, фестивали, шоу, семинары и тренинги.
MOV
MOV - https://t.me/darling_advice - What you should watch.
MOV - https://t.me/hdrezka — Знаменитый онлайн кинотеатр теперь в Telegram.
MOV - https://t.me/hochufilm - Бриллианты кинематографа. Что посмотреть и почему. Фильмы и сериалы.
MOV - https://t.me/kino_novosti — Самые топовые и ожидаемые фильмы 2019 года, трейлеры, вырезанные сцены фильмов и новости Киноиндустрии!
MOV - https://t.me/letswatchme - Ежедневно про кино.
MUZ
MUZ - https://t.me/ClubMusicpro - Клубная Музыка
MUZ - https://t.me/Clubmusic_2018 - Клубные хиты
MUZ - https://t.me/Fm102Live - Новинки и хиты
MUZ - https://t.me/HouseMusic_Hd - Bass Boom
MUZ - https://t.me/Moya_Muzyka1 - Лучшая музыка
MUZ - https://t.me/Music_Likee - New Music 2018
MUZ - https://t.me/Musicnices - Музыка от души
MUZ - https://t.me/SproMelody - Топ Музыка 2018
MUZ - https://t.me/ff_ms - Твой Плейлист
MUZ - https://t.me/hdpremium - Фильмы HD
MUZ - https://t.me/joinchat/AAAAAFIKIcgcR9iMUzK0ew - Official Music channel of Telegram
MUZ - https://t.me/musica_EA7 - Танцпол ГромчЕ
MUZ - https://t.me/only_muzon - Топовые Хиты 2019
MUZ - https://t.me/raplirika - Rap - Лирика 2018
MUZ - https://t.me/sounding - музыка на мой вкус.
MUZ - https://t.me/tntmusic_tv - ТНТ music tv
MUZ - https://t.me/vincenza_muz - Хиты 2019
NWS
NWS - https://t.me/ITBroadcast - IT рассылка.
NWS - https://t.me/bbcukrainian - BBC NEWS Україна.
NWS - https://t.me/tokar_ua - Tokar.UA
WOK
WOK - https://t.me/goodjob_ua
WOK - https://t.me/poisk_rabot_kyiv
WOK - https://t.me/rabota_v_kieve1
XTR
XTR - https://feedogator.com/
XTR - https://t.me/buzzim_alerts_bot - Monitors all public channels and groups
XTR - https://t.me/dwnmp3Bot - - - YouTube MP3 HQ Downloader
XTR - https://t.me/joinchat/HmgsgRWhh4tYZF2HY6dhbA) - @secret_kate Chat
XTR - https://t.me/musicherebot - MUZIC SEARSH !!!
XTR - https://t.me/no_drama_plz - Blog of @secret_kate 
XTR - https://t.me/uachannel - Каталог каналів UA
XTR - https://tgdr.io/
XTR - https://tlgrm.ru/channels/