AUD - https://t.me/abookua — аудіокниги українською
AUD - https://t.me/aknigiclub
AUD - https://t.me/amazingbooks
AUD - https://t.me/audibplus
AUD - https://t.me/audikniga
AUD - https://t.me/audiobook_library
AUD - https://t.me/audiobooks_biz
AUD - https://t.me/audiobooks_tg
AUD - https://t.me/audiobooksfantastic - мир аудио фантастики
AUD - https://t.me/audiobooteka
AUD - https://t.me/audioknigi_channel
AUD - https://t.me/audioknowledge
AUD - https://t.me/audistbrain
AUD - https://t.me/bkaudio
AUD - https://t.me/eng_audio_materials
AUD - https://t.me/eng_audiobooks
AUD - https://t.me/fairytaledaily
AUD - https://t.me/free_audiobook
AUD - https://t.me/ibooksmp3
AUD - https://t.me/libraryaudio
AUD - https://t.me/tgaudiobooks
AUD - https://t.me/webstorage_audiobooks
BIT
BIT - https://t.me/bzd_channel - бздынь-канал. книги для прогеров
BIT - https://t.me/itbook_ru 
BIT - https://t.me/progbook - prog books
BIT - https://t.me/proglibrary
BIT - https://t.me/technobooks
BIT - https://t.me/techrocksarchive - techrocks архив книг по программированию
BUX
BUX - https://t.me/b_biblioteka
BUX - https://t.me/biblioland
BUX - https://t.me/bolshaya_biblioteka
BUX - https://t.me/bookcase_library
BUX - https://t.me/eng_books
BUX - https://t.me/estet_best - best of movies and books
BUX - https://t.me/everything_is_illuminated
BUX - https://t.me/fifty_two_books — делимся бесплатно книгами. только качественная литература.
BUX - https://t.me/gavanknig
BUX - https://t.me/gobooks
BUX - https://t.me/immortalbooks
BUX - https://t.me/knijky — уютная библиотека: лучшая литература.
BUX - https://t.me/paliturka — забирай найкращі ebooks українською
BUX - https://t.me/premieras_books
BUX - https://t.me/trendbooks 
BUX - https://t.me/ukrlib — книги українською
BUX - https://t.me/vipbookz — эксклюзивные и дорогие книги о бизнесе, рекламе, маркетинге и развитии.
BUX - https://t.me/vknige 
BUX - https://t.me/yourmustread — более 1000 шедевров современной литературы - настоящая книжная полка в твоем телефоне!
BUX - https://tlgrm.ru/channels/books
DEV
DEV - https://t.me/azure_digest
ENG
ENG - https://t.me/addenglish - английский необычными и простыми способами.
ENG - https://t.me/begin_english_1 - английский
ENG - https://t.me/eng_audiobooks
ENG - https://t.me/eng_books
ENG - https://t.me/englishdictionaryua — англійська по слову на день
ENG - https://t.me/essential_vocabulary - vocabulary with meanings and example sentences + audio files with very clear american pronunciation.
ENG - https://t.me/grammarian - grammar rules | spellings | ...
ENG - https://t.me/hot_eng — прокачай свій нікудишній інгліш
ENG - https://t.me/learn_english11
ENG - https://t.me/slangwords - english slang words 
ENG - https://t.me/studyenglishathome - английский
ENG - https://t.me/studyoverseas - учеба в европе
EVT
EVT - https://t.me/afficherkyiv
EVT - https://t.me/events_ua — безкоштовні it-івенти
EVT - https://t.me/eventskyiv — афіша києва українською
EVT - https://t.me/internet_biz_ua — it в україні
EVT - https://t.me/k_l_i_v_e - новини, події, дискусії, фотографії.
EVT - https://t.me/karyhot - k_l_i_v_e - add your own news!
EVT - https://t.me/kyivweek - события, мероприятия, вечеринки, фестивали, шоу, семинары и тренинги.
EVT - https://t.me/tvoyamova — вивчай українську мову щодня.
EVT - https://t.me/ua_events
FAM
FAM - https://t.me/allgifts - идеи подарков
FAM - https://t.me/lifehacktlgrm - gif лайфхак
FUN
FUN - https://t.me/anecdotes_ua — твоя щоденна порція гарного настрою
FUN - https://t.me/joinchat/HmgsgRWhh4tYZF2HY6dhbA - @secret_kate chat
FUN - https://t.me/no_drama_plz - blog of @secret_kate 
FUN - https://t.me/sobakam — притулок для самотніх
INF
INF - https://t.me/actual_facts - факты
INF - https://t.me/ezoterika1 - эзотерика
INF - https://t.me/funscience - наука от funscience.
INF - https://t.me/girlintech - украинская разработчица, которая сейчас живет в праге, ведет канал о программировании в целом.
INF - https://t.me/hour25 - авторский канал о продуктивности и об особенностях мозга и всего организма в целом.
INF - https://t.me/imasuccess - манипуляции
INF - https://t.me/it_guide - компьютерная помощь
INF - https://t.me/korisno — поради для самовдосконалення
INF - https://t.me/lifehuk - крутые лайфхаки
INF - https://t.me/lollaws - ты будешь удивлен!
INF - https://t.me/makeyourmind — твоя мотивація на кожен день
INF - https://t.me/mathru5 - тренируй ум!
INF - https://t.me/mov_tribunal — поліпшує твою українську мову
INF - https://t.me/poradnyk — твоє життя стане простішим!
INF - https://t.me/slovaua — цитати великих людей
INF - https://t.me/spc_porn - интересная наука
INF - https://t.me/statusq — пополни словарный запас и освой навыки черной риторики. эти фразы заткнут любого противника!
INF - https://t.me/textbook_ua — факти, які зацікавлять кожного!
INF - https://t.me/to_know_ua — скарбничка відповідей на запитання
INF - https://t.me/wisemanmind - великие слова!
INF - https://t.me/znayvsyo - интересные факты
MOV
MOV - https://t.me/bestmovles — популярний і цікавий фільм щодня
MOV - https://t.me/darling_advice - what you should watch.
MOV - https://t.me/estet_best - best of movies and books
MOV - https://t.me/filmoclub - simple about movies news.
MOV - https://t.me/hdrezka — знаменитый онлайн кинотеатр теперь в telegram.
MOV - https://t.me/hochufilm - бриллианты кинематографа. что посмотреть и почему. фильмы и сериалы.
MOV - https://t.me/hochufilm – best movies in authors opinion.
MOV - https://t.me/kino_novosti — самые топовые и ожидаемые фильмы 2019 года, трейлеры, вырезанные сцены фильмов и новости киноиндустрии!
MOV - https://t.me/letswatchme - daily movies anonses.
MOV - https://t.me/randomfilms — дивись кращі фільми українською)
MUZ
MUZ - https://t.me/best_music_2k19 — тільки найкраща музика кожного дня!
MUZ - https://t.me/clubmusic_2018 - клубные хиты
MUZ - https://t.me/clubmusicpro - клубная музыка
MUZ - https://t.me/dwnmp3bot - - - youtube mp3 hq downloader
MUZ - https://t.me/ff_ms - твой плейлист
MUZ - https://t.me/fm102live - новинки и хиты
MUZ - https://t.me/hdpremium - фильмы hd
MUZ - https://t.me/housemusic_hd - bass boom
MUZ - https://t.me/joinchat/AAAAAFIKIcgcR9iMUzK0ew - official music channel of telegram
MUZ - https://t.me/moya_muzyka1 - лучшая музыка
MUZ - https://t.me/music_likee - new music 2018
MUZ - https://t.me/musica_ea7 - танцпол громче
MUZ - https://t.me/musicherebot - muzic searsh !!!
MUZ - https://t.me/musicnices - музыка от души
MUZ - https://t.me/muzkultura - from shelyagina
MUZ - https://t.me/muztubeua — телеграм-музика в mp3 форматі
MUZ - https://t.me/only_muzon - топовые хиты 2019
MUZ - https://t.me/raplirika - rap - лирика 2018
MUZ - https://t.me/rootsmusic — сучасна українська музика
MUZ - https://t.me/sounding - музыка на мой вкус.
MUZ - https://t.me/spromelody - топ музыка 2018
MUZ - https://t.me/tntmusic_tv - тнт music tv
MUZ - https://t.me/vincenza_muz - хиты 2019
NWS
NWS - https://t.me/bbcukrainian - bbc news україна.
NWS - https://t.me/itbroadcast - it рассылка.
NWS - https://t.me/tokar_ua — просто — про складне й цікаве
NWS - https://t.me/ua_vd_i_vn — актуальні новини в зручному форматі
SHO
SHO - https://t.me/shopzona — доставка брендових товарів із сша
TUR
TUR - https://t.me/mandrivnukposvity — твій путівник у світ туризму
TUR - https://t.me/zakopejku — авторські бюджетні мандрівки
UNX
UNX - https://t.me/opennet_ru
WOK
WOK - https://t.me/csharpdevjob
WOK - https://t.me/djinni_productjobs
WOK - https://t.me/forcsharp
WOK - https://t.me/goodjob_ua
WOK - https://t.me/incovacancy
WOK - https://t.me/ira_dolphin
WOK - https://t.me/joinchat/AAAAAEwpvBXSdptMS2dhkA -  join робота. digital
WOK - https://t.me/outjob — робота для українців за кордоном
WOK - https://t.me/outsourcing
WOK - https://t.me/poisk_rabot_kyiv
WOK - https://t.me/rabota_v_kieve1
WOK - https://t.me/robbywork_bot
WOK - https://t.me/space_job
WOK - https://t.me/space_job — тут тебе чекає робота твоєї мрії
WOK - https://t.me/spellrise_bot - чат-бот spellrise recruitment
WOK - https://t.me/topvakancii
WOK - https://t.me/ukrjob
XTR
XTR - https://feedogator.com/
XTR - https://t.me/buzzim_alerts_bot - monitors all public channels and groups
XTR - https://t.me/uachannel - каталог каналів ua
XTR - https://t.me/uachannel — каталог телеграм-каналів
XTR - https://tgdr.io/
XTR - https://tlgrm.ru/channels/